======== JOURNAL ========
ID: a4f5c2a9-3be7-4ee7-849f-291c7bdc67cd
Status: processed
EverMemOS: unknown
Content: I'm doing a demo on my hackathon project, and I'm ...
=========================
